EN sent_digits_counter NULL C:/Users/Dawid/Desktop/calculator-with-rs232-main/rs232/sent_digits_counter.vhd sub00/vhpl16 1715790433
AR sent_digits_counter behavioral C:/Users/Dawid/Desktop/calculator-with-rs232-main/rs232/sent_digits_counter.vhd sub00/vhpl17 1715790434
AR calculator_implementacja behavioral C:/Users/Dawid/Desktop/calculator-with-rs232-main/rs232/calculator_implementacja.vhf sub00/vhpl13 1715790452
AR modulo10_counter behavioral C:/Users/Dawid/Desktop/calculator-with-rs232-main/rs232/modulo10_counter.vhd sub00/vhpl07 1715790430
EN rs232_transmitter NULL C:/Users/Dawid/Desktop/calculator-with-rs232-main/rs232/rs232_transmitter.vhd sub00/vhpl20 1715790447
EN register_2_synchronized NULL C:/Users/Dawid/Desktop/calculator-with-rs232-main/rs232/register_2_synchronized.vhd sub00/vhpl14 1715790435
AR calculator behavioral C:/Users/Dawid/Desktop/calculator-with-rs232-main/rs232/calculator.vhd sub00/vhpl05 1715790446
AR rs232_transmitter behavioral C:/Users/Dawid/Desktop/calculator-with-rs232-main/rs232/rs232_transmitter.vhd sub00/vhpl21 1715790448
AR register_2_synchronized behavioral C:/Users/Dawid/Desktop/calculator-with-rs232-main/rs232/register_2_synchronized.vhd sub00/vhpl15 1715790436
AR ascii_to_calc_symbol behavioral C:/Users/Dawid/Desktop/calculator-with-rs232-main/rs232/ascii_to_calc_symbol.vhd sub00/vhpl01 1715790438
AR output_transcoder behavioral C:/Users/Dawid/Desktop/calculator-with-rs232-main/rs232/output_transcoder.vhd sub00/vhpl19 1715790440
EN rs232_receiver NULL C:/Users/Dawid/Desktop/calculator-with-rs232-main/rs232/rs232_receiver.vhd sub00/vhpl10 1715790443
EN calculator NULL C:/Users/Dawid/Desktop/calculator-with-rs232-main/rs232/calculator.vhd sub00/vhpl04 1715790445
AR divider_50mhz_to_115200hz behavioral C:/Users/Dawid/Desktop/calculator-with-rs232-main/rs232/divider_50MHz_to_115200Hz.vhd sub00/vhpl09 1715790432
EN impulse_generator NULL C:/Users/Dawid/Desktop/calculator-with-rs232-main/rs232/impulse_generator.vhd sub00/vhpl22 1715790449
AR impulse_generator behavioral C:/Users/Dawid/Desktop/calculator-with-rs232-main/rs232/impulse_generator.vhd sub00/vhpl23 1715790450
EN divider_50mhz_to_115200hz NULL C:/Users/Dawid/Desktop/calculator-with-rs232-main/rs232/divider_50MHz_to_115200Hz.vhd sub00/vhpl08 1715790431
AR rs232_receiver behavioral C:/Users/Dawid/Desktop/calculator-with-rs232-main/rs232/rs232_receiver.vhd sub00/vhpl11 1715790444
EN calculator_implementacja NULL C:/Users/Dawid/Desktop/calculator-with-rs232-main/rs232/calculator_implementacja.vhf sub00/vhpl12 1715790451
EN ascii_to_calc_symbol NULL C:/Users/Dawid/Desktop/calculator-with-rs232-main/rs232/ascii_to_calc_symbol.vhd sub00/vhpl00 1715790437
EN modulo10_counter NULL C:/Users/Dawid/Desktop/calculator-with-rs232-main/rs232/modulo10_counter.vhd sub00/vhpl06 1715790429
EN output_transcoder NULL C:/Users/Dawid/Desktop/calculator-with-rs232-main/rs232/output_transcoder.vhd sub00/vhpl18 1715790439
AR register_12_synchronized behavioral C:/Users/Dawid/Desktop/calculator-with-rs232-main/rs232/register_12_synchronized.vhd sub00/vhpl03 1715790442
EN register_12_synchronized NULL C:/Users/Dawid/Desktop/calculator-with-rs232-main/rs232/register_12_synchronized.vhd sub00/vhpl02 1715790441
