EN sent_digits_counter NULL C:/Users/Dawid/Desktop/calculator-with-rs232/rs232/sent_digits_counter.vhd sub00/vhpl04 1715791900
AR sent_digits_counter behavioral C:/Users/Dawid/Desktop/calculator-with-rs232/rs232/sent_digits_counter.vhd sub00/vhpl05 1715791901
AR calculator_implementacja behavioral C:/Users/Dawid/Desktop/calculator-with-rs232/rs232/calculator_implementacja.vhf sub00/vhpl23 1715791919
AR modulo10_counter behavioral C:/Users/Dawid/Desktop/calculator-with-rs232/rs232/modulo10_counter.vhd sub00/vhpl01 1715791897
EN rs232_transmitter NULL C:/Users/Dawid/Desktop/calculator-with-rs232/rs232/rs232_transmitter.vhd sub00/vhpl18 1715791914
EN register_2_synchronized NULL C:/Users/Dawid/Desktop/calculator-with-rs232/rs232/register_2_synchronized.vhd sub00/vhpl06 1715791902
AR calculator behavioral C:/Users/Dawid/Desktop/calculator-with-rs232/rs232/calculator.vhd sub00/vhpl17 1715791913
AR rs232_transmitter behavioral C:/Users/Dawid/Desktop/calculator-with-rs232/rs232/rs232_transmitter.vhd sub00/vhpl19 1715791915
AR register_2_synchronized behavioral C:/Users/Dawid/Desktop/calculator-with-rs232/rs232/register_2_synchronized.vhd sub00/vhpl07 1715791903
AR ascii_to_calc_symbol behavioral C:/Users/Dawid/Desktop/calculator-with-rs232/rs232/ascii_to_calc_symbol.vhd sub00/vhpl09 1715791905
AR output_transcoder behavioral C:/Users/Dawid/Desktop/calculator-with-rs232/rs232/output_transcoder.vhd sub00/vhpl11 1715791907
EN rs232_receiver NULL C:/Users/Dawid/Desktop/calculator-with-rs232/rs232/rs232_receiver.vhd sub00/vhpl14 1715791910
EN calculator NULL C:/Users/Dawid/Desktop/calculator-with-rs232/rs232/calculator.vhd sub00/vhpl16 1715791912
AR divider_50mhz_to_115200hz behavioral C:/Users/Dawid/Desktop/calculator-with-rs232/rs232/divider_50MHz_to_115200Hz.vhd sub00/vhpl03 1715791899
EN impulse_generator NULL C:/Users/Dawid/Desktop/calculator-with-rs232/rs232/impulse_generator.vhd sub00/vhpl20 1715791916
AR impulse_generator behavioral C:/Users/Dawid/Desktop/calculator-with-rs232/rs232/impulse_generator.vhd sub00/vhpl21 1715791917
EN divider_50mhz_to_115200hz NULL C:/Users/Dawid/Desktop/calculator-with-rs232/rs232/divider_50MHz_to_115200Hz.vhd sub00/vhpl02 1715791898
AR rs232_receiver behavioral C:/Users/Dawid/Desktop/calculator-with-rs232/rs232/rs232_receiver.vhd sub00/vhpl15 1715791911
EN calculator_implementacja NULL C:/Users/Dawid/Desktop/calculator-with-rs232/rs232/calculator_implementacja.vhf sub00/vhpl22 1715791918
EN ascii_to_calc_symbol NULL C:/Users/Dawid/Desktop/calculator-with-rs232/rs232/ascii_to_calc_symbol.vhd sub00/vhpl08 1715791904
EN modulo10_counter NULL C:/Users/Dawid/Desktop/calculator-with-rs232/rs232/modulo10_counter.vhd sub00/vhpl00 1715791896
EN output_transcoder NULL C:/Users/Dawid/Desktop/calculator-with-rs232/rs232/output_transcoder.vhd sub00/vhpl10 1715791906
AR register_12_synchronized behavioral C:/Users/Dawid/Desktop/calculator-with-rs232/rs232/register_12_synchronized.vhd sub00/vhpl13 1715791909
EN register_12_synchronized NULL C:/Users/Dawid/Desktop/calculator-with-rs232/rs232/register_12_synchronized.vhd sub00/vhpl12 1715791908
