AR calculator_implementacja behavioral C:/Users/Dawid/Desktop/calculator-with-rs232/rs232/calculator_implementacja.vhf sub00/vhpl13 1713379268
AR modulo10_counter behavioral C:/Users/Dawid/Desktop/calculator-with-rs232/rs232/modulo10_counter.vhd sub00/vhpl07 1713379256
AR calculator behavioral C:/Users/Dawid/Desktop/calculator-with-rs232/rs232/calculator.vhd sub00/vhpl05 1713379264
AR ascii_to_calc_symbol behavioral C:/Users/Dawid/Desktop/calculator-with-rs232/rs232/ascii_to_calc_symbol.vhd sub00/vhpl01 1713379260
EN rs232_receiver NULL C:/Users/Dawid/Desktop/calculator-with-rs232/rs232/rs232_receiver.vhd sub00/vhpl10 1713379265
EN calculator NULL C:/Users/Dawid/Desktop/calculator-with-rs232/rs232/calculator.vhd sub00/vhpl04 1713379263
AR divider_50mhz_to_115200hz behavioral C:/Users/Dawid/Desktop/calculator-with-rs232/rs232/divider_50MHz_to_115200Hz.vhd sub00/vhpl09 1713379258
EN divider_50mhz_to_115200hz NULL C:/Users/Dawid/Desktop/calculator-with-rs232/rs232/divider_50MHz_to_115200Hz.vhd sub00/vhpl08 1713379257
AR rs232_receiver behavioral C:/Users/Dawid/Desktop/calculator-with-rs232/rs232/rs232_receiver.vhd sub00/vhpl11 1713379266
EN calculator_implementacja NULL C:/Users/Dawid/Desktop/calculator-with-rs232/rs232/calculator_implementacja.vhf sub00/vhpl12 1713379267
EN ascii_to_calc_symbol NULL C:/Users/Dawid/Desktop/calculator-with-rs232/rs232/ascii_to_calc_symbol.vhd sub00/vhpl00 1713379259
EN modulo10_counter NULL C:/Users/Dawid/Desktop/calculator-with-rs232/rs232/modulo10_counter.vhd sub00/vhpl06 1713379255
AR register_12_synchronized behavioral C:/Users/Dawid/Desktop/calculator-with-rs232/rs232/register_12_synchronized.vhd sub00/vhpl03 1713379262
EN register_12_synchronized NULL C:/Users/Dawid/Desktop/calculator-with-rs232/rs232/register_12_synchronized.vhd sub00/vhpl02 1713379261
