Release 14.7 - xst P.20131013 (nt64)
Copyright (c) 1995-2013 Xilinx, Inc.  All rights reserved.
--> Parameter TMPDIR set to xst/projnav.tmp


Total REAL time to Xst completion: 0.00 secs
Total CPU time to Xst completion: 0.11 secs
 
--> Parameter xsthdpdir set to xst


Total REAL time to Xst completion: 0.00 secs
Total CPU time to Xst completion: 0.11 secs
 
--> Reading design: rs232_transmitter.prj

TABLE OF CONTENTS
  1) Synthesis Options Summary
  2) HDL Compilation
  3) Design Hierarchy Analysis
  4) HDL Analysis
  5) HDL Synthesis
     5.1) HDL Synthesis Report
  6) Advanced HDL Synthesis
     6.1) Advanced HDL Synthesis Report
  7) Low Level Synthesis
  8) Partition Report
  9) Final Report
	9.1) Device utilization summary
	9.2) Partition Resource Summary
	9.3) TIMING REPORT


=========================================================================
*                      Synthesis Options Summary                        *
=========================================================================
---- Source Parameters
Input File Name                    : "rs232_transmitter.prj"
Input Format                       : mixed
Ignore Synthesis Constraint File   : NO

---- Target Parameters
Output File Name                   : "rs232_transmitter"
Output Format                      : NGC
Target Device                      : xc3s500e-4-fg320

---- Source Options
Top Module Name                    : rs232_transmitter
Automatic FSM Extraction           : YES
FSM Encoding Algorithm             : Auto
Safe Implementation                : No
FSM Style                          : LUT
RAM Extraction                     : Yes
RAM Style                          : Auto
ROM Extraction                     : Yes
Mux Style                          : Auto
Decoder Extraction                 : YES
Priority Encoder Extraction        : Yes
Shift Register Extraction          : YES
Logical Shifter Extraction         : YES
XOR Collapsing                     : YES
ROM Style                          : Auto
Mux Extraction                     : Yes
Resource Sharing                   : YES
Asynchronous To Synchronous        : NO
Multiplier Style                   : Auto
Automatic Register Balancing       : No

---- Target Options
Add IO Buffers                     : YES
Global Maximum Fanout              : 100000
Add Generic Clock Buffer(BUFG)     : 24
Register Duplication               : YES
Slice Packing                      : YES
Optimize Instantiated Primitives   : NO
Use Clock Enable                   : Yes
Use Synchronous Set                : Yes
Use Synchronous Reset              : Yes
Pack IO Registers into IOBs        : Auto
Equivalent register Removal        : YES

---- General Options
Optimization Goal                  : Speed
Optimization Effort                : 1
Keep Hierarchy                     : No
Netlist Hierarchy                  : As_Optimized
RTL Output                         : Yes
Global Optimization                : AllClockNets
Read Cores                         : YES
Write Timing Constraints           : NO
Cross Clock Analysis               : NO
Hierarchy Separator                : /
Bus Delimiter                      : <>
Case Specifier                     : Maintain
Slice Utilization Ratio            : 100
BRAM Utilization Ratio             : 100
Verilog 2001                       : YES
Auto BRAM Packing                  : NO
Slice Utilization Ratio Delta      : 5

=========================================================================


=========================================================================
*                          HDL Compilation                              *
=========================================================================
Compiling vhdl file "D:/Politechnika-Wroclawska/semestr-6/ucisw-2/ucisw-projekt/rs232/modulo10_counter.vhd" in Library work.
Architecture behavioral of Entity modulo10_counter is up to date.
Compiling vhdl file "D:/Politechnika-Wroclawska/semestr-6/ucisw-2/ucisw-projekt/rs232/divider_50MHz_to_115200Hz.vhd" in Library work.
Entity <divider_50mhz_to_115200hz> compiled.
Entity <divider_50mhz_to_115200hz> (Architecture <behavioral>) compiled.
Compiling vhdl file "D:/Politechnika-Wroclawska/semestr-6/ucisw-2/ucisw-projekt/rs232/rs232_transmitter.vhd" in Library work.
Architecture behavioral of Entity rs232_transmitter is up to date.

=========================================================================
*                     Design Hierarchy Analysis                         *
=========================================================================
Analyzing hierarchy for entity <rs232_transmitter> in library <work> (architecture <behavioral>).

Analyzing hierarchy for entity <modulo10_counter> in library <work> (architecture <behavioral>).

Analyzing hierarchy for entity <divider_50MHz_to_115200Hz> in library <work> (architecture <behavioral>).


=========================================================================
*                            HDL Analysis                               *
=========================================================================
Analyzing Entity <rs232_transmitter> in library <work> (Architecture <behavioral>).
Entity <rs232_transmitter> analyzed. Unit <rs232_transmitter> generated.

Analyzing Entity <modulo10_counter> in library <work> (Architecture <behavioral>).
Entity <modulo10_counter> analyzed. Unit <modulo10_counter> generated.

Analyzing Entity <divider_50MHz_to_115200Hz> in library <work> (Architecture <behavioral>).
Entity <divider_50MHz_to_115200Hz> analyzed. Unit <divider_50MHz_to_115200Hz> generated.


=========================================================================
*                           HDL Synthesis                               *
=========================================================================

Performing bidirectional port resolution...

Synthesizing Unit <modulo10_counter>.
    Related source file is "D:/Politechnika-Wroclawska/semestr-6/ucisw-2/ucisw-projekt/rs232/modulo10_counter.vhd".
    Found 4-bit up counter for signal <i>.
    Summary:
	inferred   1 Counter(s).
Unit <modulo10_counter> synthesized.


Synthesizing Unit <divider_50MHz_to_115200Hz>.
    Related source file is "D:/Politechnika-Wroclawska/semestr-6/ucisw-2/ucisw-projekt/rs232/divider_50MHz_to_115200Hz.vhd".
    Found 16-bit register for signal <ticks_counter>.
    Found 15-bit adder for signal <ticks_counter_14_0$add0000> created at line 58.
    Found 15-bit comparator greater for signal <ticks_counter_15$cmp_gt0000> created at line 55.
    Summary:
	inferred  16 D-type flip-flop(s).
	inferred   1 Adder/Subtractor(s).
	inferred   1 Comparator(s).
Unit <divider_50MHz_to_115200Hz> synthesized.


Synthesizing Unit <rs232_transmitter>.
    Related source file is "D:/Politechnika-Wroclawska/semestr-6/ucisw-2/ucisw-projekt/rs232/rs232_transmitter.vhd".
    Found 1-bit register for signal <current_state<0>>.
    Found 9-bit register for signal <data_register>.
    Summary:
	inferred  10 D-type flip-flop(s).
Unit <rs232_transmitter> synthesized.


=========================================================================
HDL Synthesis Report

Macro Statistics
# Adders/Subtractors                                   : 1
 15-bit adder                                          : 1
# Counters                                             : 1
 4-bit up counter                                      : 1
# Registers                                            : 26
 1-bit register                                        : 26
# Comparators                                          : 1
 15-bit comparator greater                             : 1

=========================================================================

=========================================================================
*                       Advanced HDL Synthesis                          *
=========================================================================


=========================================================================
Advanced HDL Synthesis Report

Macro Statistics
# Adders/Subtractors                                   : 1
 15-bit adder                                          : 1
# Counters                                             : 1
 4-bit up counter                                      : 1
# Registers                                            : 26
 Flip-Flops                                            : 26
# Comparators                                          : 1
 15-bit comparator greater                             : 1

=========================================================================

=========================================================================
*                         Low Level Synthesis                           *
=========================================================================

Optimizing unit <rs232_transmitter> ...

Optimizing unit <divider_50MHz_to_115200Hz> ...

Mapping all equations...
Building and optimizing final netlist ...
Found area constraint ratio of 100 (+ 5) on block rs232_transmitter, actual ratio is 0.

Final Macro Processing ...

=========================================================================
Final Register Report

Macro Statistics
# Registers                                            : 30
 Flip-Flops                                            : 30

=========================================================================

=========================================================================
*                           Partition Report                            *
=========================================================================

Partition Implementation Status
-------------------------------

  No Partitions were found in this design.

-------------------------------

=========================================================================
*                            Final Report                               *
=========================================================================
Final Results
RTL Top Level Output File Name     : rs232_transmitter.ngr
Top Level Output File Name         : rs232_transmitter
Output Format                      : NGC
Optimization Goal                  : Speed
Keep Hierarchy                     : No

Design Statistics
# IOs                              : 13

Cell Usage :
# BELS                             : 87
#      GND                         : 1
#      INV                         : 11
#      LUT1                        : 11
#      LUT2                        : 3
#      LUT3                        : 4
#      LUT4                        : 19
#      MUXCY                       : 21
#      MUXF5                       : 1
#      VCC                         : 1
#      XORCY                       : 15
# FlipFlops/Latches                : 30
#      FDC                         : 4
#      FDCP                        : 9
#      FDR                         : 15
#      FDRS                        : 1
#      FDSE                        : 1
# Clock Buffers                    : 1
#      BUFGP                       : 1
# IO Buffers                       : 12
#      IBUF                        : 10
#      OBUF                        : 2
=========================================================================

Device utilization summary:
---------------------------

Selected Device : 3s500efg320-4 

 Number of Slices:                       25  out of   4656     0%  
 Number of Slice Flip Flops:             30  out of   9312     0%  
 Number of 4 input LUTs:                 48  out of   9312     0%  
 Number of IOs:                          13
 Number of bonded IOBs:                  13  out of    232     5%  
 Number of GCLKs:                         1  out of     24     4%  

---------------------------
Partition Resource Summary:
---------------------------

  No Partitions were found in this design.

---------------------------


=========================================================================
TIMING REPORT

NOTE: THESE TIMING NUMBERS ARE ONLY A SYNTHESIS ESTIMATE.
      FOR ACCURATE TIMING INFORMATION PLEASE REFER TO THE TRACE REPORT
      GENERATED AFTER PLACE-and-ROUTE.

Clock Information:
------------------
-----------------------------------+------------------------+-------+
Clock Signal                       | Clock buffer(FF name)  | Load  |
-----------------------------------+------------------------+-------+
clock_divider/ticks_counter_15     | NONE(data_register_8)  | 13    |
clock                              | BUFGP                  | 17    |
-----------------------------------+------------------------+-------+
INFO:Xst:2169 - HDL ADVISOR - Some clock signals were not automatically buffered by XST with BUFG/BUFR resources. Please use the buffer_type constraint in order to insert these buffers to the clock signals to help prevent skew problems.

Asynchronous Control Signals Information:
----------------------------------------
----------------------------------------------------+------------------------+-------+
Control Signal                                      | Buffer(FF name)        | Load  |
----------------------------------------------------+------------------------+-------+
busy_inv(busy_inv1_INV_0:O)                         | NONE(counter/i_0)      | 4     |
data_register_0_and0000(data_register_1_and000011:O)| NONE(data_register_0)  | 1     |
data_register_1_and0000(data_register_1_and00001:O) | NONE(data_register_1)  | 1     |
data_register_1_or0000(data_register_1_or00001:O)   | NONE(data_register_1)  | 1     |
data_register_2_and0000(data_register_2_and00001:O) | NONE(data_register_2)  | 1     |
data_register_2_or0000(data_register_2_or00001:O)   | NONE(data_register_2)  | 1     |
data_register_3_and0000(data_register_3_and00001:O) | NONE(data_register_3)  | 1     |
data_register_3_or0000(data_register_3_or00001:O)   | NONE(data_register_3)  | 1     |
data_register_4_and0000(data_register_4_and00001:O) | NONE(data_register_4)  | 1     |
data_register_4_or0000(data_register_4_or00001:O)   | NONE(data_register_4)  | 1     |
data_register_5_and0000(data_register_5_and00001:O) | NONE(data_register_5)  | 1     |
data_register_5_or0000(data_register_5_or00001:O)   | NONE(data_register_5)  | 1     |
data_register_6_and0000(data_register_6_and00001:O) | NONE(data_register_6)  | 1     |
data_register_6_or0000(data_register_6_or00001:O)   | NONE(data_register_6)  | 1     |
data_register_7_and0000(data_register_7_and00001:O) | NONE(data_register_7)  | 1     |
data_register_7_or0000(data_register_7_or00001:O)   | NONE(data_register_7)  | 1     |
data_register_8_and0000(data_register_8_and00001:O) | NONE(data_register_8)  | 1     |
data_register_8_or0000(data_register_8_or00001:O)   | NONE(data_register_8)  | 1     |
reset                                               | IBUF                   | 1     |
----------------------------------------------------+------------------------+-------+

Timing Summary:
---------------
Speed Grade: -4

   Minimum period: 5.234ns (Maximum Frequency: 191.058MHz)
   Minimum input arrival time before clock: 4.400ns
   Maximum output required time after clock: 4.991ns
   Maximum combinational path delay: No path found

Timing Detail:
--------------
All values displayed in nanoseconds (ns)

=========================================================================
Timing constraint: Default period analysis for Clock 'clock_divider/ticks_counter_15'
  Clock period: 2.656ns (frequency: 376.506MHz)
  Total number of paths / destination ports: 18 / 12
-------------------------------------------------------------------------
Delay:               2.656ns (Levels of Logic = 1)
  Source:            counter/i_0 (FF)
  Destination:       counter/i_0 (FF)
  Source Clock:      clock_divider/ticks_counter_15 rising
  Destination Clock: clock_divider/ticks_counter_15 rising

  Data Path: counter/i_0 to counter/i_0
                                Gate     Net
    Cell:in->out      fanout   Delay   Delay  Logical Name (Net Name)
    ----------------------------------------  ------------
     FDC:C->Q              5   0.591   0.633  counter/i_0 (counter/i_0)
     INV:I->O              1   0.704   0.420  counter/Mcount_i_xor<0>11_INV_0 (Result<0>)
     FDC:D                     0.308          counter/i_0
    ----------------------------------------
    Total                      2.656ns (1.603ns logic, 1.053ns route)
                                       (60.4% logic, 39.6% route)

=========================================================================
Timing constraint: Default period analysis for Clock 'clock'
  Clock period: 5.234ns (frequency: 191.058MHz)
  Total number of paths / destination ports: 154 / 35
-------------------------------------------------------------------------
Delay:               5.234ns (Levels of Logic = 9)
  Source:            clock_divider/ticks_counter_0 (FF)
  Destination:       clock_divider/ticks_counter_15 (FF)
  Source Clock:      clock rising
  Destination Clock: clock rising

  Data Path: clock_divider/ticks_counter_0 to clock_divider/ticks_counter_15
                                Gate     Net
    Cell:in->out      fanout   Delay   Delay  Logical Name (Net Name)
    ----------------------------------------  ------------
     FDR:C->Q              2   0.591   0.622  clock_divider/ticks_counter_0 (clock_divider/ticks_counter_0)
     LUT3:I0->O            1   0.704   0.000  clock_divider/Mcompar_ticks_counter_15_cmp_gt0000_lut<0> (clock_divider/Mcompar_ticks_counter_15_cmp_gt0000_lut<0>)
     MUXCY:S->O            1   0.464   0.000  clock_divider/Mcompar_ticks_counter_15_cmp_gt0000_cy<0> (clock_divider/Mcompar_ticks_counter_15_cmp_gt0000_cy<0>)
     MUXCY:CI->O           1   0.059   0.000  clock_divider/Mcompar_ticks_counter_15_cmp_gt0000_cy<1> (clock_divider/Mcompar_ticks_counter_15_cmp_gt0000_cy<1>)
     MUXCY:CI->O           1   0.059   0.000  clock_divider/Mcompar_ticks_counter_15_cmp_gt0000_cy<2> (clock_divider/Mcompar_ticks_counter_15_cmp_gt0000_cy<2>)
     MUXCY:CI->O           1   0.059   0.000  clock_divider/Mcompar_ticks_counter_15_cmp_gt0000_cy<3> (clock_divider/Mcompar_ticks_counter_15_cmp_gt0000_cy<3>)
     MUXCY:CI->O           1   0.059   0.000  clock_divider/Mcompar_ticks_counter_15_cmp_gt0000_cy<4> (clock_divider/Mcompar_ticks_counter_15_cmp_gt0000_cy<4>)
     MUXCY:CI->O           1   0.059   0.000  clock_divider/Mcompar_ticks_counter_15_cmp_gt0000_cy<5> (clock_divider/Mcompar_ticks_counter_15_cmp_gt0000_cy<5>)
     MUXCY:CI->O           1   0.459   0.420  clock_divider/Mcompar_ticks_counter_15_cmp_gt0000_cy<6> (clock_divider/Mcompar_ticks_counter_15_cmp_gt0000_cy<6>)
     INV:I->O              1   0.704   0.420  clock_divider/Mcompar_ticks_counter_15_cmp_gt0000_cy<6>_inv_INV_0 (clock_divider/ticks_counter_15_cmp_gt0000)
     FDSE:CE                   0.555          clock_divider/ticks_counter_15
    ----------------------------------------
    Total                      5.234ns (3.772ns logic, 1.462ns route)
                                       (72.1% logic, 27.9% route)

=========================================================================
Timing constraint: Default OFFSET IN BEFORE for Clock 'clock'
  Total number of paths / destination ports: 2 / 2
-------------------------------------------------------------------------
Offset:              4.400ns (Levels of Logic = 2)
  Source:            start (PAD)
  Destination:       current_state_0 (FF)
  Destination Clock: clock rising

  Data Path: start to current_state_0
                                Gate     Net
    Cell:in->out      fanout   Delay   Delay  Logical Name (Net Name)
    ----------------------------------------  ------------
     IBUF:I->O            18   1.218   1.147  start_IBUF (start_IBUF)
     LUT2:I1->O            1   0.704   0.420  next_state_0_mux000011 (N11)
     FDRS:S                    0.911          current_state_0
    ----------------------------------------
    Total                      4.400ns (2.833ns logic, 1.567ns route)
                                       (64.4% logic, 35.6% route)

=========================================================================
Timing constraint: Default OFFSET OUT AFTER for Clock 'clock_divider/ticks_counter_15'
  Total number of paths / destination ports: 1 / 1
-------------------------------------------------------------------------
Offset:              4.283ns (Levels of Logic = 1)
  Source:            data_register_0 (FF)
  Destination:       data_out (PAD)
  Source Clock:      clock_divider/ticks_counter_15 rising

  Data Path: data_register_0 to data_out
                                Gate     Net
    Cell:in->out      fanout   Delay   Delay  Logical Name (Net Name)
    ----------------------------------------  ------------
     FDCP:C->Q             1   0.591   0.420  data_register_0 (data_register_0)
     OBUF:I->O                 3.272          data_out_OBUF (data_out)
    ----------------------------------------
    Total                      4.283ns (3.863ns logic, 0.420ns route)
                                       (90.2% logic, 9.8% route)

=========================================================================
Timing constraint: Default OFFSET OUT AFTER for Clock 'clock'
  Total number of paths / destination ports: 1 / 1
-------------------------------------------------------------------------
Offset:              4.991ns (Levels of Logic = 1)
  Source:            current_state_0 (FF)
  Destination:       busy (PAD)
  Source Clock:      clock rising

  Data Path: current_state_0 to busy
                                Gate     Net
    Cell:in->out      fanout   Delay   Delay  Logical Name (Net Name)
    ----------------------------------------  ------------
     FDRS:C->Q            21   0.591   1.128  current_state_0 (current_state_0)
     OBUF:I->O                 3.272          busy_OBUF (busy)
    ----------------------------------------
    Total                      4.991ns (3.863ns logic, 1.128ns route)
                                       (77.4% logic, 22.6% route)

=========================================================================


Total REAL time to Xst completion: 4.00 secs
Total CPU time to Xst completion: 4.12 secs
 
--> 

Total memory usage is 4514244 kilobytes

Number of errors   :    0 (   0 filtered)
Number of warnings :    0 (   0 filtered)
Number of infos    :    1 (   0 filtered)

